2026-08-17 10:33:08.599 [background-preinit] INFO  o.h.validator.internal.util.Version [] - HV000001: Hibernate Validator 8.0.1.Final
2026-08-17 10:33:08.700 [main] INFO  k.backend.AuthControllerCorsTest [] - Starting AuthControllerCorsTest using Java 17.0.12 with PID 14896 (started by dev in E:\Projects\KhetConnect\backend\backend)
2026-08-17 10:33:08.701 [main] DEBUG k.backend.AuthControllerCorsTest [] - Running with Spring Boot v3.2.5, Spring v6.1.6
2026-08-17 10:33:08.703 [main] INFO  k.backend.AuthControllerCorsTest [] - No active profile set, falling back to 1 default profile: "default"
2026-08-17 10:33:10.355 [main] INFO  o.s.d.r.c.RepositoryConfigurationDelegate [] - Bootstrapping Spring Data JPA repositories in DEFAULT mode.
2026-08-17 10:33:10.517 [main] INFO  o.s.d.r.c.RepositoryConfigurationDelegate [] - Finished Spring Data repository scanning in 151 ms. Found 12 JPA repository interfaces.
2026-08-17 10:33:11.538 [main] INFO  o.h.jpa.internal.util.LogHelper [] - HHH000204: Processing PersistenceUnitInfo [name: default]
2026-08-17 10:33:11.625 [main] INFO  org.hibernate.Version [] - HHH000412: Hibernate ORM core version 6.4.4.Final
2026-08-17 10:33:11.673 [main] INFO  o.h.c.i.RegionFactoryInitiator [] - HHH000026: Second-level cache disabled
2026-08-17 10:33:12.050 [main] INFO  o.s.o.j.p.SpringPersistenceUnitInfo [] - No LoadTimeWeaver setup: ignoring JPA class transformer
2026-08-17 10:33:12.097 [main] INFO  com.zaxxer.hikari.HikariDataSource [] - HikariPool-1 - Starting...
2026-08-17 10:33:12.333 [main] INFO  com.zaxxer.hikari.pool.HikariPool [] - HikariPool-1 - Added connection conn0: url=jdbc:h2:mem:khetconnect user=SA
2026-08-17 10:33:12.336 [main] INFO  com.zaxxer.hikari.HikariDataSource [] - HikariPool-1 - Start completed.
2026-08-17 10:33:12.367 [main] WARN  org.hibernate.orm.deprecation [] - HHH90000025: H2Dialect does not need to be specified explicitly using 'hibernate.dialect' (remove the property setting and it will be selected by default)
2026-08-17 10:33:13.840 [main] INFO  o.h.e.t.j.p.i.JtaPlatformInitiator [] - HHH000489: No JTA platform available (set 'hibernate.transaction.jta.platform' to enable JTA platform integration)
2026-08-17 10:33:13.942 [main] INFO  o.s.o.j.LocalContainerEntityManagerFactoryBean [] - Initialized JPA EntityManagerFactory for persistence unit 'default'
2026-08-17 10:33:13.980 [main] INFO  k.backend.config.FirebaseConfig [] - FCM disabled via configuration; skipping Firebase initialization
2026-08-17 10:33:14.426 [main] INFO  o.s.d.j.r.query.QueryEnhancerFactory [] - Hibernate is in classpath; If applicable, HQL parser will be used.
2026-08-17 10:33:16.007 [main] INFO  o.s.b.a.e.web.EndpointLinksResolver [] - Exposing 3 endpoint(s) beneath base path '/actuator'
2026-08-17 10:33:17.925 [main] INFO  o.s.s.web.DefaultSecurityFilterChain [] - Will secure any request with [org.springframework.security.web.session.DisableEncodeUrlFilter@2248583e, org.springframework.security.web.context.request.async.WebAsyncManagerIntegrationFilter@1dfd27fe, org.springframework.security.web.context.SecurityContextHolderFilter@9573850, org.springframework.security.web.header.HeaderWriterFilter@7997b8a7, org.springframework.web.filter.CorsFilter@3b6f1227, org.springframework.security.web.authentication.logout.LogoutFilter@60d46bd7, khetconnect.backend.config.RateLimitFilter@bf0025d, khetconnect.backend.config.RequestIdFilter@227ae4e4, khetconnect.backend.security.JwtAuthFilter@7553ad52, org.springframework.security.web.savedrequest.RequestCacheAwareFilter@46c87d4b, org.springframework.security.web.servletapi.SecurityContextHolderAwareRequestFilter@1b0f3f57, org.springframework.security.web.authentication.AnonymousAuthenticationFilter@38a77e1b, org.springframework.security.web.session.SessionManagementFilter@1e0630cc, org.springframework.security.web.access.ExceptionTranslationFilter@5bcafda3, org.springframework.security.web.access.intercept.AuthorizationFilter@76425cc2]
2026-08-17 10:33:18.792 [main] INFO  o.s.b.a.h.H2ConsoleAutoConfiguration [] - H2 console available at '/h2-console'. Database available at 'jdbc:h2:mem:khetconnect'
2026-08-17 10:33:18.897 [main] DEBUG k.backend.config.RateLimitFilter [] - Filter 'rateLimitFilter' configured for use
2026-08-17 10:33:18.897 [main] DEBUG k.backend.config.RequestIdFilter [] - Filter 'requestIdFilter' configured for use
2026-08-17 10:33:18.897 [main] DEBUG k.backend.security.JwtAuthFilter [] - Filter 'jwtAuthFilter' configured for use
2026-08-17 10:33:18.898 [main] INFO  o.s.b.t.m.w.SpringBootMockServletContext [] - Initializing Spring TestDispatcherServlet ''
2026-08-17 10:33:18.899 [main] INFO  o.s.t.w.s.TestDispatcherServlet [] - Initializing Servlet ''
2026-08-17 10:33:18.900 [main] INFO  o.s.t.w.s.TestDispatcherServlet [] - Completed initialization in 1 ms
2026-08-17 10:33:19.018 [main] INFO  k.backend.AuthControllerCorsTest [] - Started AuthControllerCorsTest in 11.206 seconds (process running for 12.812)
2026-08-17 10:33:19.736 [main] INFO  o.s.t.c.s.AnnotationConfigContextLoaderUtils [] - Could not detect default configuration classes for test class [khetconnect.backend.BackendApplicationTests]: BackendApplicationTests does not declare any static, non-private, non-final, nested classes annotated with @Configuration.
2026-08-17 10:33:19.739 [main] INFO  o.s.b.t.c.SpringBootTestContextBootstrapper [] - Found @SpringBootConfiguration khetconnect.backend.BackendApplication for test class khetconnect.backend.BackendApplicationTests
2026-08-17 10:33:19.774 [main] INFO  k.backend.BackendApplicationTests [] - Starting BackendApplicationTests using Java 17.0.12 with PID 14896 (started by dev in E:\Projects\KhetConnect\backend\backend)
2026-08-17 10:33:19.775 [main] DEBUG k.backend.BackendApplicationTests [] - Running with Spring Boot v3.2.5, Spring v6.1.6
2026-08-17 10:33:19.775 [main] INFO  k.backend.BackendApplicationTests [] - No active profile set, falling back to 1 default profile: "default"
2026-08-17 10:33:20.156 [main] INFO  o.s.d.r.c.RepositoryConfigurationDelegate [] - Bootstrapping Spring Data JPA repositories in DEFAULT mode.
2026-08-17 10:33:20.184 [main] INFO  o.s.d.r.c.RepositoryConfigurationDelegate [] - Finished Spring Data repository scanning in 27 ms. Found 12 JPA repository interfaces.
2026-08-17 10:33:20.375 [main] INFO  o.h.jpa.internal.util.LogHelper [] - HHH000204: Processing PersistenceUnitInfo [name: default]
2026-08-17 10:33:20.392 [main] INFO  o.h.c.i.RegionFactoryInitiator [] - HHH000026: Second-level cache disabled
2026-08-17 10:33:20.397 [main] INFO  o.s.o.j.p.SpringPersistenceUnitInfo [] - No LoadTimeWeaver setup: ignoring JPA class transformer
2026-08-17 10:33:20.399 [main] INFO  com.zaxxer.hikari.HikariDataSource [] - HikariPool-2 - Starting...
2026-08-17 10:33:20.400 [main] INFO  com.zaxxer.hikari.pool.HikariPool [] - HikariPool-2 - Added connection conn5: url=jdbc:h2:mem:khetconnect user=SA
2026-08-17 10:33:20.400 [main] INFO  com.zaxxer.hikari.HikariDataSource [] - HikariPool-2 - Start completed.
2026-08-17 10:33:20.401 [main] WARN  org.hibernate.orm.deprecation [] - HHH90000025: H2Dialect does not need to be specified explicitly using 'hibernate.dialect' (remove the property setting and it will be selected by default)
2026-08-17 10:33:20.599 [main] INFO  o.h.e.t.j.p.i.JtaPlatformInitiator [] - HHH000489: No JTA platform available (set 'hibernate.transaction.jta.platform' to enable JTA platform integration)
2026-08-17 10:33:20.622 [main] INFO  o.s.o.j.LocalContainerEntityManagerFactoryBean [] - Initialized JPA EntityManagerFactory for persistence unit 'default'
2026-08-17 10:33:20.639 [main] INFO  k.backend.config.FirebaseConfig [] - FCM disabled via configuration; skipping Firebase initialization
2026-08-17 10:33:21.368 [main] INFO  o.s.b.a.e.web.EndpointLinksResolver [] - Exposing 3 endpoint(s) beneath base path '/actuator'
2026-08-17 10:33:22.360 [main] INFO  o.s.s.web.DefaultSecurityFilterChain [] - Will secure any request with [org.springframework.security.web.session.DisableEncodeUrlFilter@7690c06a, org.springframework.security.web.context.request.async.WebAsyncManagerIntegrationFilter@25f92ffd, org.springframework.security.web.context.SecurityContextHolderFilter@189738f4, org.springframework.security.web.header.HeaderWriterFilter@17537420, org.springframework.web.filter.CorsFilter@425eb98a, org.springframework.security.web.authentication.logout.LogoutFilter@10706411, khetconnect.backend.config.RateLimitFilter@3b9bdbe8, khetconnect.backend.config.RequestIdFilter@6e0d5fd3, khetconnect.backend.security.JwtAuthFilter@7f180c74, org.springframework.security.web.savedrequest.RequestCacheAwareFilter@7bd203ce, org.springframework.security.web.servletapi.SecurityContextHolderAwareRequestFilter@736d26f1, org.springframework.security.web.authentication.AnonymousAuthenticationFilter@5a93dccc, org.springframework.security.web.session.SessionManagementFilter@1045c79e, org.springframework.security.web.access.ExceptionTranslationFilter@47120b41, org.springframework.security.web.access.intercept.AuthorizationFilter@66e6bb8e]
2026-08-17 10:33:22.745 [main] INFO  o.s.b.a.h.H2ConsoleAutoConfiguration [] - H2 console available at '/h2-console'. Database available at 'jdbc:h2:mem:khetconnect'
2026-08-17 10:33:22.809 [main] INFO  k.backend.BackendApplicationTests [] - Started BackendApplicationTests in 3.063 seconds (process running for 16.603)
2026-08-17 10:33:24.719 [main] INFO  k.b.l.NotificationEventListener [] - ? Saved notification to DB: notifId=null, userId=15, type=APPLICATION, jobId=99
2026-08-17 10:33:24.877 [main] INFO  k.b.l.NotificationEventListener [] - Attempting FCM push: userId=15, type=APPLICATION
2026-08-17 10:33:24.908 [main] ERROR k.b.l.NotificationEventListener [] - ? Unexpected error sending FCM for userId=15, type=APPLICATION: FCM unavailable
java.lang.RuntimeException: FCM unavailable
	at khetconnect.backend.service.NotificationService.sendPushNotification(NotificationService.java:86)
	at khetconnect.backend.listener.NotificationEventListener.handleNotification(NotificationEventListener.java:79)
	at khetconnect.backend.service.RegressionServiceTest.lambda$3(RegressionServiceTest.java:275)
	at org.junit.jupiter.api.AssertDoesNotThrow.assertDoesNotThrow(AssertDoesNotThrow.java:49)
	at org.junit.jupiter.api.AssertDoesNotThrow.assertDoesNotThrow(AssertDoesNotThrow.java:36)
	at org.junit.jupiter.api.Assertions.assertDoesNotThrow(Assertions.java:3168)
	at khetconnect.backend.service.RegressionServiceTest.notificationListenerSavesDbRecordBeforeSendingPush(RegressionServiceTest.java:275)
	at java.base/jdk.internal.reflect.NativeMethodAccessorImpl.invoke0(Native Method)
	at java.base/jdk.internal.reflect.NativeMethodAccessorImpl.invoke(NativeMethodAccessorImpl.java:77)
	at java.base/jdk.internal.reflect.DelegatingMethodAccessorImpl.invoke(DelegatingMethodAccessorImpl.java:43)
	at java.base/java.lang.reflect.Method.invoke(Method.java:568)
	at org.junit.platform.commons.util.ReflectionUtils.invokeMethod(ReflectionUtils.java:728)
	at org.junit.jupiter.engine.execution.MethodInvocation.proceed(MethodInvocation.java:60)
	at org.junit.jupiter.engine.execution.InvocationInterceptorChain$ValidatingInvocation.proceed(InvocationInterceptorChain.java:131)
	at org.junit.jupiter.engine.extension.TimeoutExtension.intercept(TimeoutExtension.java:156)
	at org.junit.jupiter.engine.extension.TimeoutExtension.interceptTestableMethod(TimeoutExtension.java:147)
	at org.junit.jupiter.engine.extension.TimeoutExtension.interceptTestMethod(TimeoutExtension.java:86)
	at org.junit.jupiter.engine.execution.InterceptingExecutableInvoker$ReflectiveInterceptorCall.lambda$ofVoidMethod$0(InterceptingExecutableInvoker.java:103)
	at org.junit.jupiter.engine.execution.InterceptingExecutableInvoker.lambda$invoke$0(InterceptingExecutableInvoker.java:93)
	at org.junit.jupiter.engine.execution.InvocationInterceptorChain$InterceptedInvocation.proceed(InvocationInterceptorChain.java:106)
	at org.junit.jupiter.engine.execution.InvocationInterceptorChain.proceed(InvocationInterceptorChain.java:64)
	at org.junit.jupiter.engine.execution.InvocationInterceptorChain.chainAndInvoke(InvocationInterceptorChain.java:45)
	at org.junit.jupiter.engine.execution.InvocationInterceptorChain.invoke(InvocationInterceptorChain.java:37)
	at org.junit.jupiter.engine.execution.InterceptingExecutableInvoker.invoke(InterceptingExecutableInvoker.java:92)
	at org.junit.jupiter.engine.execution.InterceptingExecutableInvoker.invoke(InterceptingExecutableInvoker.java:86)
	at org.junit.jupiter.engine.descriptor.TestMethodTestDescriptor.lambda$invokeTestMethod$7(TestMethodTestDescriptor.java:218)
	at org.junit.platform.engine.support.hierarchical.ThrowableCollector.execute(ThrowableCollector.java:73)
	at org.junit.jupiter.engine.descriptor.TestMethodTestDescriptor.invokeTestMethod(TestMethodTestDescriptor.java:214)
	at org.junit.jupiter.engine.descriptor.TestMethodTestDescriptor.execute(TestMethodTestDescriptor.java:139)
	at org.junit.jupiter.engine.descriptor.TestMethodTestDescriptor.execute(TestMethodTestDescriptor.java:69)
	at org.junit.platform.engine.support.hierarchical.NodeTestTask.lambda$executeRecursively$6(NodeTestTask.java:151)
	at org.junit.platform.engine.support.hierarchical.ThrowableCollector.execute(ThrowableCollector.java:73)
	at org.junit.platform.engine.support.hierarchical.NodeTestTask.lambda$executeRecursively$8(NodeTestTask.java:141)
	at org.junit.platform.engine.support.hierarchical.Node.around(Node.java:137)
	at org.junit.platform.engine.support.hierarchical.NodeTestTask.lambda$executeRecursively$9(NodeTestTask.java:139)
	at org.junit.platform.engine.support.hierarchical.ThrowableCollector.execute(ThrowableCollector.java:73)
	at org.junit.platform.engine.support.hierarchical.NodeTestTask.executeRecursively(NodeTestTask.java:138)
	at org.junit.platform.engine.support.hierarchical.NodeTestTask.execute(NodeTestTask.java:95)
	at java.base/java.util.ArrayList.forEach(ArrayList.java:1511)
	at org.junit.platform.engine.support.hierarchical.SameThreadHierarchicalTestExecutorService.invokeAll(SameThreadHierarchicalTestExecutorService.java:41)
	at org.junit.platform.engine.support.hierarchical.NodeTestTask.lambda$executeRecursively$6(NodeTestTask.java:155)
	at org.junit.platform.engine.support.hierarchical.ThrowableCollector.execute(ThrowableCollector.java:73)
	at org.junit.platform.engine.support.hierarchical.NodeTestTask.lambda$executeRecursively$8(NodeTestTask.java:141)
	at org.junit.platform.engine.support.hierarchical.Node.around(Node.java:137)
	at org.junit.platform.engine.support.hierarchical.NodeTestTask.lambda$executeRecursively$9(NodeTestTask.java:139)
	at org.junit.platform.engine.support.hierarchical.ThrowableCollector.execute(ThrowableCollector.java:73)
	at org.junit.platform.engine.support.hierarchical.NodeTestTask.executeRecursively(NodeTestTask.java:138)
	at org.junit.platform.engine.support.hierarchical.NodeTestTask.execute(NodeTestTask.java:95)
	at java.base/java.util.ArrayList.forEach(ArrayList.java:1511)
	at org.junit.platform.engine.support.hierarchical.SameThreadHierarchicalTestExecutorService.invokeAll(SameThreadHierarchicalTestExecutorService.java:41)
	at org.junit.platform.engine.support.hierarchical.NodeTestTask.lambda$executeRecursively$6(NodeTestTask.java:155)
	at org.junit.platform.engine.support.hierarchical.ThrowableCollector.execute(ThrowableCollector.java:73)
	at org.junit.platform.engine.support.hierarchical.NodeTestTask.lambda$executeRecursively$8(NodeTestTask.java:141)
	at org.junit.platform.engine.support.hierarchical.Node.around(Node.java:137)
	at org.junit.platform.engine.support.hierarchical.NodeTestTask.lambda$executeRecursively$9(NodeTestTask.java:139)
	at org.junit.platform.engine.support.hierarchical.ThrowableCollector.execute(ThrowableCollector.java:73)
	at org.junit.platform.engine.support.hierarchical.NodeTestTask.executeRecursively(NodeTestTask.java:138)
	at org.junit.platform.engine.support.hierarchical.NodeTestTask.execute(NodeTestTask.java:95)
	at org.junit.platform.engine.support.hierarchical.SameThreadHierarchicalTestExecutorService.submit(SameThreadHierarchicalTestExecutorService.java:35)
	at org.junit.platform.engine.support.hierarchical.HierarchicalTestExecutor.execute(HierarchicalTestExecutor.java:57)
	at org.junit.platform.engine.support.hierarchical.HierarchicalTestEngine.execute(HierarchicalTestEngine.java:54)
	at org.junit.platform.launcher.core.EngineExecutionOrchestrator.execute(EngineExecutionOrchestrator.java:198)
	at org.junit.platform.launcher.core.EngineExecutionOrchestrator.execute(EngineExecutionOrchestrator.java:169)
	at org.junit.platform.launcher.core.EngineExecutionOrchestrator.execute(EngineExecutionOrchestrator.java:93)
	at org.junit.platform.launcher.core.EngineExecutionOrchestrator.lambda$execute$0(EngineExecutionOrchestrator.java:58)
	at org.junit.platform.launcher.core.EngineExecutionOrchestrator.withInterceptedStreams(EngineExecutionOrchestrator.java:141)
	at org.junit.platform.launcher.core.EngineExecutionOrchestrator.execute(EngineExecutionOrchestrator.java:57)
	at org.junit.platform.launcher.core.DefaultLauncher.execute(DefaultLauncher.java:103)
	at org.junit.platform.launcher.core.DefaultLauncher.execute(DefaultLauncher.java:85)
	at org.junit.platform.launcher.core.DelegatingLauncher.execute(DelegatingLauncher.java:47)
	at org.apache.maven.surefire.junitplatform.LazyLauncher.execute(LazyLauncher.java:56)
	at org.apache.maven.surefire.junitplatform.JUnitPlatformProvider.execute(JUnitPlatformProvider.java:184)
	at org.apache.maven.surefire.junitplatform.JUnitPlatformProvider.invokeAllTests(JUnitPlatformProvider.java:148)
	at org.apache.maven.surefire.junitplatform.JUnitPlatformProvider.invoke(JUnitPlatformProvider.java:122)
	at org.apache.maven.surefire.booter.ForkedBooter.runSuitesInProcess(ForkedBooter.java:385)
	at org.apache.maven.surefire.booter.ForkedBooter.execute(ForkedBooter.java:162)
	at org.apache.maven.surefire.booter.ForkedBooter.run(ForkedBooter.java:507)
	at org.apache.maven.surefire.booter.ForkedBooter.main(ForkedBooter.java:495)
2026-08-17 10:33:25.057 [SpringApplicationShutdownHook] INFO  o.s.o.j.LocalContainerEntityManagerFactoryBean [] - Closing JPA EntityManagerFactory for persistence unit 'default'
2026-08-17 10:33:25.065 [SpringApplicationShutdownHook] INFO  com.zaxxer.hikari.HikariDataSource [] - HikariPool-1 - Shutdown initiated...
2026-08-17 10:33:25.072 [SpringApplicationShutdownHook] INFO  com.zaxxer.hikari.HikariDataSource [] - HikariPool-1 - Shutdown completed.
2026-08-17 10:33:25.087 [SpringApplicationShutdownHook] INFO  o.s.o.j.LocalContainerEntityManagerFactoryBean [] - Closing JPA EntityManagerFactory for persistence unit 'default'
2026-08-17 10:33:25.089 [SpringApplicationShutdownHook] INFO  com.zaxxer.hikari.HikariDataSource [] - HikariPool-2 - Shutdown initiated...
2026-08-17 10:33:25.092 [SpringApplicationShutdownHook] INFO  com.zaxxer.hikari.HikariDataSource [] - HikariPool-2 - Shutdown completed.
